pulling manifest...
pulling disk (15.8 GB compressed)...
0%
[1A[J1%
[1A[J2%
Error pulling disk layer 2: "The network connection was lost.", attempting to re-try...
Error pulling disk layer 1: "The network connection was lost.", attempting to re-try...
Error pulling disk layer 5: "The network connection was lost.", attempting to re-try...
Error pulling disk layer 4: "The network connection was lost.", attempting to re-try...
Error pulling disk layer 6: "The network connection was lost.", attempting to re-try...
Error pulling disk layer 3: "The network connection was lost.", attempting to re-try...
[1A[J3%
[1A[J4%
[1A[J5%
[1A[J6%
[1A[J7%
Error pulling disk layer 1: "The network connection was lost.", attempting to re-try...
Error pulling disk layer 2: "The network connection was lost.", attempting to re-try...
Error pulling disk layer 6: "The network connection was lost.", attempting to re-try...
Error pulling disk layer 3: "The network connection was lost.", attempting to re-try...
Error pulling disk layer 5: "The network connection was lost.", attempting to re-try...
Error pulling disk layer 4: "The network connection was lost.", attempting to re-try...
[1A[J8%
[1A[J9%
[1A[J10%
[1A[J11%
Error pulling disk layer 2: "The network connection was lost.", attempting to re-try...
Error pulling disk layer 4: "The network connection was lost.", attempting to re-try...
Error pulling disk layer 6: "The network connection was lost.", attempting to re-try...
Error pulling disk layer 5: "The network connection was lost.", attempting to re-try...
Error pulling disk layer 1: "The network connection was lost.", attempting to re-try...
Error pulling disk layer 3: "The network connection was lost.", attempting to re-try...
[1A[J12%
[1A[J13%
[1A[J14%
Error pulling disk layer 5: "The network connection was lost.", attempting to re-try...
Error pulling disk layer 4: "The network connection was lost.", attempting to re-try...
Error pulling disk layer 2: "The network connection was lost.", attempting to re-try...
Error pulling disk layer 3: "The network connection was lost.", attempting to re-try...
Error pulling disk layer 1: "The network connection was lost.", attempting to re-try...
Error pulling disk layer 6: "The network connection was lost.", attempting to re-try...
[1A[J15%
[1A[J16%
Error pulling disk layer 4: "The network connection was lost.", attempting to re-try...
Error pulling image: "The network connection was lost.", attempting to re-try...
pulling disk (15.8 GB compressed)...
0%
[1A[J1%
Error pulling disk layer 4: "The network connection was lost.", attempting to re-try...
Error pulling disk layer 6: "The network connection was lost.", attempting to re-try...
Error pulling disk layer 3: "The network connection was lost.", attempting to re-try...
Error pulling disk layer 2: "The network connection was lost.", attempting to re-try...
Error pulling disk layer 1: "The network connection was lost.", attempting to re-try...
Error pulling disk layer 5: "The network connection was lost.", attempting to re-try...
[1A[J2%
